/file/read-case-data Ahmed_body_case_2-2020_SS.cas.h5

/solve/cell-registers/add/"yplus" type yplus-ystar max-allowed 1 min-allowed 0.0001 wall-zones car_body () () ()
/solve/cell-registers/refine yplus

/define/models/u2o yes
/define/models/viscous kw-sst yes

/define/models/viscous/turbulence-expert/turb-add-sbes-sdes yes
/define/models/viscous/turbulence-expert/sbes-sdes-hybrid-model 2
/define/models/viscous/turbulence-expert/sbes-sgs-option 3


/solve/set/discretization-scheme/amg-c 7

/file/write-case-data "Ahmed_body_SBES_init"

/solve/set/time-step 0.00001

/solve/set/reporting-interval 1

/solve/dual-time-iterate 100 1000 ;[max timesteps, iterations per step]

/solve/set/data-sampling yes 10 yes yes

/solve/dual-time-iterate 100 1000 ;[max timesteps, iterations per step]

/report/summary "Report_Transient_Simulation.txt"

file/save-case-data "Ahmed_body_SBES_completed"

/plot/plot/no Cumulative_dataset no yes 0 0 1 no no x-velocity x/l_-1 x/l_-0.9 x/l_-0.8 x/l_-0.7 x/l_-0.6 x/l_-0.5 x/l_-0.4 x/l_-0.3 x/l_-0.2 x/l_-0.1 x/l_0 x/l_0.1 x/l_0.2 x/l_0.3 x/l_0.4 x/l_0.5 x/l_0.6 x/l_0.7 x/l_0.8 x/l_0.9 x/l_1 x/l_1.1 x/l_1.2 x/l_1.3 x/l_1.4 x/l_1.5 x/l_1.6 x/l_1.7 x/l_1.8 x/l_1.9 x/l_2 ()

/parallel/timer/usage


quit