;##########   Mesh Convergence Study   ##########;
/file/set-tuiversion "20.1"

/file/read-case-data blood_pump_fine.cas.h5

/define/models/u2ob yes ;UNSTEADY 2ND ORDER BOUNDED TRANSIENT FORMULATION

;##########   Discretization Methods   ##########;
/solve/set/discretization-scheme/pressure 12 ;SECOND ORDER PRESSURE
/solve/set/discretization-scheme/mom 1 ;SECOND ORDER MOMENTUM
/solve/set/discretization-scheme/k 1 ;SECOND ORDER TURBULENT KINETIC ENERGY
/solve/set/discretization-scheme/omega 1 ;SECOND ORDER SPECIFIC DISSIPATION RATE
/solve/set/discretization-scheme/uds-0 1 ;SECOND ORDER DISCRETIZATION
/solve/set/discretization-scheme/uds-1 1 ;SECOND ORDER DISCRETIZATION

;##########   Enable Flow, Disable UDS Equations   ##########;
/solve/set/equations uds-0 no
/solve/set/equations uds-1 no
/solve/set/equations flow yes
/solve/set/equations kw yes

/solve/set/time-step 0.00012
/solve/set/max-iterations-per-time-step 250
/solve/set/reporting-interval 50

/solve/dual-time-iterate 2000 250 ;[max timesteps, iterations per step]

/file/write-case-data "blood_pump_fine_out_3.cas.h5"

/solve/set/data-sampling yes 200 yes yes

/solve/dual-time-iterate 2000 250 ;[max timesteps, iterations per step]

/report/summary "Report_Transient_Simulation.txt"

/file/write-case-data "blood_pump_fine_out_4.cas.h5"


exit
