/file/read-case-data k-omg_6L_2500-sampling-1_per_blade_pass.cas.h5


/define/models/viscous/kw-sst yes
/define/models/solver/pressure-based yes
/define/models/u2ob yes ;UNSTEADY 2ND ORDER BOUNDED TRANSIENT FORMULATION

/file/auto-save/case-frequency if-case-is-modified 
/file/auto-save/data-frequency 200 #saves per timestep


;### SET SOLVER ###; -- current run: SIMPLE
/solve/set/p-v-coupling 20 ;SIMPLE
;/solve/set/p-v-coupling 21 ;SIMPLEC
;/solve/set/p-v-coupling 22 ;PISO
;/solve/set/p-v-coupling 24 ;Coupled


;##########   FOR SIMPLE & COUPLED SOLVER   ##########;
/solve/set/discretization-scheme/pressure 12 ;SECOND ORDER PRESSURE 
/solve/set/discretization-scheme/mom 1 ;SECOND ORDER MOMENTUM
/solve/set/discretization-scheme/k 1 ;SECOND ORDER TURBULENT KINETIC ENERGY
/solve/set/discretization-scheme/omega 1 ;SECOND ORDER SPECIFIC DISSIPATION RATE

/solve/set/time-step 0.00012
/solve/set/max-iterations-per-time-step 250
/solve/set/reporting-interval 50
/solve/set/data-sampling yes 200 yes yes 

/solve/dual-time-iterate 600 250 ;[max timesteps, iterations per step]

/report/summary "Report_Transient_Simulation.txt"


wd "comp_numerical_trans.dat"
exit

