;##########   Mesh Convergence Study   ##########;
/file/set-tuiversion "20.1"

/file/read-case SBES_BP_48M.cas.h5
/define/models/viscous/turbulence-expert/turb-add-sbes-sdes yes
/define/models/viscous/turbulence-expert/sbes-sdes-hybrid-model 2
/define/models/viscous/turbulence-expert/sbes-sgs-option 3

;SIMPLEC
/solve/set/p-v-coupling 21

;CHANGE UNDER RELAXATION TO NEAR 1
/solve/set/under-relaxation/pressure 0.8
/solve/set/under-relaxation/mom 0.8

/solve/set/discretization-scheme/pressure 12 ;SECOND ORDER PRESSURE
/solve/set/discretization-scheme/mom 7 ;BOUNDED CENTRAL DIFFERENCING
/solve/set/discretization-scheme/k 1 ;SECOND ORDER TURBULENT KINETIC ENERGY
/solve/set/discretization-scheme/omega 1 ;SECOND ORDER SPECIFIC DISSIPATION RATE

/solve/set/time-step 0.00001



/solve/set/reporting-interval 1
/solve/dual-time-iterate 100 300;[max timesteps, iterations per step]
/file/write-case-data "Ahmed_body_SBES_M4_100iteration.cas.h5"


/solve/set/data-sampling yes 10 yes yes

/solve/dual-time-iterate 500 5000 ;[max timesteps, iterations per step]

/parallel/timer/usage

/report/summary "Report_Transient_Simulation.txt"

/file/write-case-data "Ahmed_body_SBES_M4_Complete.cas.h5"

quit
