/file/read-case-data/ C5_IDDES_19M_T-1-08000.cas.h5

/define/models/viscous/kw-sst yes
/define/models/steady yes ;STEADY STATE

/define/user-defined/user-defined-memory 5

;########## Compile new udf with extra uds CY_Hemolysis_MOD_UDF.c
/define/user-defined/compiled-functions compile libudf yes "CY_Hemolysis_MOD_UDF.c" "" "udf.h" ""
/define/user-defined/compiled-functions load libudf
/define/user-defined/function-hooks/adjust "BloodDamage::libudf" ""
/define/user-defined/user-defined-scalars 4 no no yes "mass flow rate" "default" yes "mass flow rate" "default" yes "mass flow rate" "default" yes "mass flow rate" "default"
/define/materials/change-create blood blood no no no no no no yes defined-per-uds 0 constant 0 1 constant 0 2 constant 0 3 constant 0 -1 no
;##########   Cell Zone Def Rotor Rotation & Source Terms ##########;
/define/boundary-conditions/fluid inflow no yes 0 0 0 0 0 0 1 no yes "GW_model::libudf" 1 no yes "GW_HO::libudf" 1 no yes "GW_model_ss::libudf" 1 no yes "GW_HO_ss::libudf" no no no 0 no 0 no 0 no 0 no 0 no 0 no 1 no no no no no
/define/boundary-conditions/fluid rotor no yes 0 0 0 0 0 0 1 no yes "GW_model::libudf" 1 no yes "GW_HO::libudf" 1 no yes "GW_model_ss::libudf" 1 no yes "GW_HO_ss::libudf" no yes -1 no "rotor_speed" no 0 no 0 no 0 no 0 no 0 no 0 no 0 no 0 no 1 "none" no no no no no
/define/boundary-conditions/fluid volute no yes 0 0 0 0 0 0 1 no yes "GW_model::libudf" 1 no yes "GW_HO::libudf" 1 no yes "GW_model_ss::libudf" 1 no yes "GW_HO_ss::libudf" no no no 0 no 0 no 0 no 0 no 0 no 0 no 0 no no no no no


/solve/set/equations flow no
/solve/set/equations kw no

/solve/set/equations uds-0 no
/solve/set/equations uds-1 no
/solve/set/equations uds-2 yes
/solve/set/equations uds-3 yes


;######### Convergence for uds2 & uds3
/solve/monitors/residual/convergence-criteria .00001 .00001

/file/auto-save/data-frequency 2000
/file/auto-save/case-frequency each-time


/solve/iterate/250

/file/write-case-data "hemolysis-c5-08000.cas.h5"

;################################################################################################################################################

/file/read-case-data/ C5_IDDES_19M_T-1-08400.cas.h5
/define/models/viscous/kw-sst yes
/define/models/steady yes ;STEADY STATE

/define/user-defined/user-defined-memory 5

;########## Compile new udf with extra uds CY_Hemolysis_MOD_UDF.c
/define/user-defined/compiled-functions compile libudf yes "CY_Hemolysis_MOD_UDF.c" "" "udf.h" ""
/define/user-defined/compiled-functions load libudf

/define/user-defined/function-hooks/adjust "BloodDamage::libudf" ""

/define/user-defined/user-defined-scalars 4 no no yes "mass flow rate" "default" yes "mass flow rate" "default" yes "mass flow rate" "default" yes "mass flow rate" "default"

/define/materials/change-create blood blood no no no no no no yes defined-per-uds 0 constant 0 1 constant 0 2 constant 0 3 constant 0 -1 no



;##########   Cell Zone Def Rotor Rotation & Source Terms ##########;
/define/boundary-conditions/fluid inflow no yes 0 0 0 0 0 0 1 no yes "GW_model::libudf" 1 no yes "GW_HO::libudf" 1 no yes "GW_model_ss::libudf" 1 no yes "GW_HO_ss::libudf" no no no 0 no 0 no 0 no 0 no 0 no 0 no 1 no no no no no
/define/boundary-conditions/fluid rotor no yes 0 0 0 0 0 0 1 no yes "GW_model::libudf" 1 no yes "GW_HO::libudf" 1 no yes "GW_model_ss::libudf" 1 no yes "GW_HO_ss::libudf" no yes -1 no "rotor_speed" no 0 no 0 no 0 no 0 no 0 no 0 no 0 no 0 no 1 "none" no no no no no
/define/boundary-conditions/fluid volute no yes 0 0 0 0 0 0 1 no yes "GW_model::libudf" 1 no yes "GW_HO::libudf" 1 no yes "GW_model_ss::libudf" 1 no yes "GW_HO_ss::libudf" no no no 0 no 0 no 0 no 0 no 0 no 0 no 0 no no no no no


/solve/set/equations flow no
/solve/set/equations kw no

/solve/set/equations uds-0 no
/solve/set/equations uds-1 no
/solve/set/equations uds-2 yes
/solve/set/equations uds-3 yes


;######### Convergence for uds2 & uds3
/solve/monitors/residual/convergence-criteria .00001 .00001

/file/auto-save/data-frequency 2000
/file/auto-save/case-frequency each-time


/solve/iterate/250

/file/write-case-data "hemolysis-c5-08400.cas.h5"

;################################################################################################################################################

/file/read-case-data/ C5_IDDES_19M_T-1-08800.cas.h5
/define/models/viscous/kw-sst yes
/define/models/steady yes ;STEADY STATE

/define/user-defined/user-defined-memory 5

;########## Compile new udf with extra uds CY_Hemolysis_MOD_UDF.c
/define/user-defined/compiled-functions compile libudf yes "CY_Hemolysis_MOD_UDF.c" "" "udf.h" ""
/define/user-defined/compiled-functions load libudf

/define/user-defined/function-hooks/adjust "BloodDamage::libudf" ""

/define/user-defined/user-defined-scalars 4 no no yes "mass flow rate" "default" yes "mass flow rate" "default" yes "mass flow rate" "default" yes "mass flow rate" "default"

/define/materials/change-create blood blood no no no no no no yes defined-per-uds 0 constant 0 1 constant 0 2 constant 0 3 constant 0 -1 no


;##########   Cell Zone Def Rotor Rotation & Source Terms ##########;
/define/boundary-conditions/fluid inflow no yes 0 0 0 0 0 0 1 no yes "GW_model::libudf" 1 no yes "GW_HO::libudf" 1 no yes "GW_model_ss::libudf" 1 no yes "GW_HO_ss::libudf" no no no 0 no 0 no 0 no 0 no 0 no 0 no 1 no no no no no
/define/boundary-conditions/fluid rotor no yes 0 0 0 0 0 0 1 no yes "GW_model::libudf" 1 no yes "GW_HO::libudf" 1 no yes "GW_model_ss::libudf" 1 no yes "GW_HO_ss::libudf" no yes -1 no "rotor_speed" no 0 no 0 no 0 no 0 no 0 no 0 no 0 no 0 no 1 "none" no no no no no
/define/boundary-conditions/fluid volute no yes 0 0 0 0 0 0 1 no yes "GW_model::libudf" 1 no yes "GW_HO::libudf" 1 no yes "GW_model_ss::libudf" 1 no yes "GW_HO_ss::libudf" no no no 0 no 0 no 0 no 0 no 0 no 0 no 0 no no no no no

/solve/set/equations flow no
/solve/set/equations kw no

/solve/set/equations uds-0 no
/solve/set/equations uds-1 no
/solve/set/equations uds-2 yes
/solve/set/equations uds-3 yes


;######### Convergence for uds2 & uds3
/solve/monitors/residual/convergence-criteria .00001 .00001

/file/auto-save/data-frequency 2000
/file/auto-save/case-frequency each-time


/solve/iterate/250

/file/write-case-data "hemolysis-c5-08800.cas.h5"

;################################################################################################################################################

/file/read-case-data/ C5_IDDES_19M_T-1-09200.cas.h5
/define/models/viscous/kw-sst yes
/define/models/steady yes ;STEADY STATE

/define/user-defined/user-defined-memory 5

;########## Compile new udf with extra uds CY_Hemolysis_MOD_UDF.c
/define/user-defined/compiled-functions compile libudf yes "CY_Hemolysis_MOD_UDF.c" "" "udf.h" ""
/define/user-defined/compiled-functions load libudf

/define/user-defined/function-hooks/adjust "BloodDamage::libudf" ""

/define/user-defined/user-defined-scalars 4 no no yes "mass flow rate" "default" yes "mass flow rate" "default" yes "mass flow rate" "default" yes "mass flow rate" "default"

/define/materials/change-create blood blood no no no no no no yes defined-per-uds 0 constant 0 1 constant 0 2 constant 0 3 constant 0 -1 no

;##########   Cell Zone Def Rotor Rotation & Source Terms ##########;
/define/boundary-conditions/fluid inflow no yes 0 0 0 0 0 0 1 no yes "GW_model::libudf" 1 no yes "GW_HO::libudf" 1 no yes "GW_model_ss::libudf" 1 no yes "GW_HO_ss::libudf" no no no 0 no 0 no 0 no 0 no 0 no 0 no 1 no no no no no
/define/boundary-conditions/fluid rotor no yes 0 0 0 0 0 0 1 no yes "GW_model::libudf" 1 no yes "GW_HO::libudf" 1 no yes "GW_model_ss::libudf" 1 no yes "GW_HO_ss::libudf" no yes -1 no "rotor_speed" no 0 no 0 no 0 no 0 no 0 no 0 no 0 no 0 no 1 "none" no no no no no
/define/boundary-conditions/fluid volute no yes 0 0 0 0 0 0 1 no yes "GW_model::libudf" 1 no yes "GW_HO::libudf" 1 no yes "GW_model_ss::libudf" 1 no yes "GW_HO_ss::libudf" no no no 0 no 0 no 0 no 0 no 0 no 0 no 0 no no no no no

/solve/set/equations flow no
/solve/set/equations kw no

/solve/set/equations uds-0 no
/solve/set/equations uds-1 no
/solve/set/equations uds-2 yes
/solve/set/equations uds-3 yes


;######### Convergence for uds2 & uds3
/solve/monitors/residual/convergence-criteria .00001 .00001

/file/auto-save/data-frequency 2000
/file/auto-save/case-frequency each-time


/solve/iterate/250

/file/write-case-data "hemolysis-c5-09200.cas.h5"

;################################################################################################################################################

/file/read-case-data/ C5_IDDES_19M_T-1-11600.cas.h5

/define/models/viscous/kw-sst yes
/define/models/steady yes ;STEADY STATE

/define/user-defined/user-defined-memory 5

;########## Compile new udf with extra uds CY_Hemolysis_MOD_UDF.c
/define/user-defined/compiled-functions compile libudf yes "CY_Hemolysis_MOD_UDF.c" "" "udf.h" ""
/define/user-defined/compiled-functions load libudf

/define/user-defined/function-hooks/adjust "BloodDamage::libudf" ""

/define/user-defined/user-defined-scalars 4 no no yes "mass flow rate" "default" yes "mass flow rate" "default" yes "mass flow rate" "default" yes "mass flow rate" "default"

/define/materials/change-create blood blood no no no no no no yes defined-per-uds 0 constant 0 1 constant 0 2 constant 0 3 constant 0 -1 no

;##########   Cell Zone Def Rotor Rotation & Source Terms ##########;
/define/boundary-conditions/fluid inflow no yes 0 0 0 0 0 0 1 no yes "GW_model::libudf" 1 no yes "GW_HO::libudf" 1 no yes "GW_model_ss::libudf" 1 no yes "GW_HO_ss::libudf" no no no 0 no 0 no 0 no 0 no 0 no 0 no 1 no no no no no
/define/boundary-conditions/fluid rotor no yes 0 0 0 0 0 0 1 no yes "GW_model::libudf" 1 no yes "GW_HO::libudf" 1 no yes "GW_model_ss::libudf" 1 no yes "GW_HO_ss::libudf" no yes -1 no "rotor_speed" no 0 no 0 no 0 no 0 no 0 no 0 no 0 no 0 no 1 "none" no no no no no
/define/boundary-conditions/fluid volute no yes 0 0 0 0 0 0 1 no yes "GW_model::libudf" 1 no yes "GW_HO::libudf" 1 no yes "GW_model_ss::libudf" 1 no yes "GW_HO_ss::libudf" no no no 0 no 0 no 0 no 0 no 0 no 0 no 0 no no no no no

/solve/set/equations flow no
/solve/set/equations kw no

/solve/set/equations uds-0 no
/solve/set/equations uds-1 no
/solve/set/equations uds-2 yes
/solve/set/equations uds-3 yes


;######### Convergence for uds2 & uds3
/solve/monitors/residual/convergence-criteria .00001 .00001

/file/auto-save/data-frequency 2000
/file/auto-save/case-frequency each-time


/solve/iterate/250

/file/write-case-data "hemolysis-c5-11600.cas.h5"

;################################################################################################################################################

/file/read-case-data/ C5_IDDES_19M_T-1-12000.cas.h5
/define/models/viscous/kw-sst yes
/define/models/steady yes ;STEADY STATE

/define/user-defined/user-defined-memory 5

;########## Compile new udf with extra uds CY_Hemolysis_MOD_UDF.c
/define/user-defined/compiled-functions compile libudf yes "CY_Hemolysis_MOD_UDF.c" "" "udf.h" ""
/define/user-defined/compiled-functions load libudf

/define/user-defined/function-hooks/adjust "BloodDamage::libudf" ""

/define/user-defined/user-defined-scalars 4 no no yes "mass flow rate" "default" yes "mass flow rate" "default" yes "mass flow rate" "default" yes "mass flow rate" "default"

/define/materials/change-create blood blood no no no no no no yes defined-per-uds 0 constant 0 1 constant 0 2 constant 0 3 constant 0 -1 no

;##########   Cell Zone Def Rotor Rotation & Source Terms ##########;
/define/boundary-conditions/fluid inflow no yes 0 0 0 0 0 0 1 no yes "GW_model::libudf" 1 no yes "GW_HO::libudf" 1 no yes "GW_model_ss::libudf" 1 no yes "GW_HO_ss::libudf" no no no 0 no 0 no 0 no 0 no 0 no 0 no 1 no no no no no
/define/boundary-conditions/fluid rotor no yes 0 0 0 0 0 0 1 no yes "GW_model::libudf" 1 no yes "GW_HO::libudf" 1 no yes "GW_model_ss::libudf" 1 no yes "GW_HO_ss::libudf" no yes -1 no "rotor_speed" no 0 no 0 no 0 no 0 no 0 no 0 no 0 no 0 no 1 "none" no no no no no
/define/boundary-conditions/fluid volute no yes 0 0 0 0 0 0 1 no yes "GW_model::libudf" 1 no yes "GW_HO::libudf" 1 no yes "GW_model_ss::libudf" 1 no yes "GW_HO_ss::libudf" no no no 0 no 0 no 0 no 0 no 0 no 0 no 0 no no no no no

/solve/set/equations flow no
/solve/set/equations kw no

/solve/set/equations uds-0 no
/solve/set/equations uds-1 no
/solve/set/equations uds-2 yes
/solve/set/equations uds-3 yes


;######### Convergence for uds2 & uds3
/solve/monitors/residual/convergence-criteria .00001 .00001

/file/auto-save/data-frequency 2000
/file/auto-save/case-frequency each-time


/solve/iterate/250

/file/write-case-data "hemolysis-c5-12000.cas.h5"

;################################################################################################################################################

/file/read-case-data/ C5_IDDES_19M_T-1-12000.cas.h5
/define/models/viscous/kw-sst yes
/define/models/steady yes ;STEADY STATE

/define/user-defined/user-defined-memory 5

;########## Compile new udf with extra uds CY_Hemolysis_MOD_UDF.c
/define/user-defined/compiled-functions compile libudf yes "CY_Hemolysis_MOD_UDF.c" "" "udf.h" ""
/define/user-defined/compiled-functions load libudf

/define/user-defined/function-hooks/adjust "BloodDamage::libudf" ""

/define/user-defined/user-defined-scalars 4 no no yes "mass flow rate" "default" yes "mass flow rate" "default" yes "mass flow rate" "default" yes "mass flow rate" "default"

/define/materials/change-create blood blood no no no no no no yes defined-per-uds 0 constant 0 1 constant 0 2 constant 0 3 constant 0 -1 no
;##########   Cell Zone Def Rotor Rotation & Source Terms ##########;
/define/boundary-conditions/fluid inflow no yes 0 0 0 0 0 0 1 no yes "GW_model::libudf" 1 no yes "GW_HO::libudf" 1 no yes "GW_model_ss::libudf" 1 no yes "GW_HO_ss::libudf" no no no 0 no 0 no 0 no 0 no 0 no 0 no 1 no no no no no
/define/boundary-conditions/fluid rotor no yes 0 0 0 0 0 0 1 no yes "GW_model::libudf" 1 no yes "GW_HO::libudf" 1 no yes "GW_model_ss::libudf" 1 no yes "GW_HO_ss::libudf" no yes -1 no "rotor_speed" no 0 no 0 no 0 no 0 no 0 no 0 no 0 no 0 no 1 "none" no no no no no
/define/boundary-conditions/fluid volute no yes 0 0 0 0 0 0 1 no yes "GW_model::libudf" 1 no yes "GW_HO::libudf" 1 no yes "GW_model_ss::libudf" 1 no yes "GW_HO_ss::libudf" no no no 0 no 0 no 0 no 0 no 0 no 0 no 0 no no no no no

/solve/set/equations flow no
/solve/set/equations kw no

/solve/set/equations uds-0 no
/solve/set/equations uds-1 no
/solve/set/equations uds-2 yes
/solve/set/equations uds-3 yes


;######### Convergence for uds2 & uds3
/solve/monitors/residual/convergence-criteria .00001 .00001

/file/auto-save/data-frequency 2000
/file/auto-save/case-frequency each-time


/solve/iterate/250

/file/write-case-data "hemolysis-c5-12000.cas.h5"


;################################################################################################################################################

/file/read-case-data/ C5_IDDES_19M_T-1-12400.cas.h5

/define/models/viscous/kw-sst yes
/define/models/steady yes ;STEADY STATE

/define/user-defined/user-defined-memory 5

;########## Compile new udf with extra uds CY_Hemolysis_MOD_UDF.c
/define/user-defined/compiled-functions compile libudf yes "CY_Hemolysis_MOD_UDF.c" "" "udf.h" ""
/define/user-defined/compiled-functions load libudf

/define/user-defined/function-hooks/adjust "BloodDamage::libudf" ""

/define/user-defined/user-defined-scalars 4 no no yes "mass flow rate" "default" yes "mass flow rate" "default" yes "mass flow rate" "default" yes "mass flow rate" "default"

/define/materials/change-create blood blood no no no no no no yes defined-per-uds 0 constant 0 1 constant 0 2 constant 0 3 constant 0 -1 no


;##########   Cell Zone Def Rotor Rotation & Source Terms ##########;
/define/boundary-conditions/fluid inflow no yes 0 0 0 0 0 0 1 no yes "GW_model::libudf" 1 no yes "GW_HO::libudf" 1 no yes "GW_model_ss::libudf" 1 no yes "GW_HO_ss::libudf" no no no 0 no 0 no 0 no 0 no 0 no 0 no 1 no no no no no
/define/boundary-conditions/fluid rotor no yes 0 0 0 0 0 0 1 no yes "GW_model::libudf" 1 no yes "GW_HO::libudf" 1 no yes "GW_model_ss::libudf" 1 no yes "GW_HO_ss::libudf" no yes -1 no "rotor_speed" no 0 no 0 no 0 no 0 no 0 no 0 no 0 no 0 no 1 "none" no no no no no
/define/boundary-conditions/fluid volute no yes 0 0 0 0 0 0 1 no yes "GW_model::libudf" 1 no yes "GW_HO::libudf" 1 no yes "GW_model_ss::libudf" 1 no yes "GW_HO_ss::libudf" no no no 0 no 0 no 0 no 0 no 0 no 0 no 0 no no no no no

/solve/set/equations flow no
/solve/set/equations kw no

/solve/set/equations uds-0 no
/solve/set/equations uds-1 no
/solve/set/equations uds-2 yes
/solve/set/equations uds-3 yes


;######### Convergence for uds2 & uds3
/solve/monitors/residual/convergence-criteria .00001 .00001

/file/auto-save/data-frequency 2000
/file/auto-save/case-frequency each-time


/solve/iterate/250


/file/write-case-data "hemolysis-c5-12400.cas.h5"


;################################################################################################################################################

/file/read-case-data/ C5_IDDES_19M_T-1-12800.cas.h5

/define/models/viscous/kw-sst yes
/define/models/steady yes ;STEADY STATE

/define/user-defined/user-defined-memory 5

;########## Compile new udf with extra uds CY_Hemolysis_MOD_UDF.c
/define/user-defined/compiled-functions compile libudf yes "CY_Hemolysis_MOD_UDF.c" "" "udf.h" ""
/define/user-defined/compiled-functions load libudf

/define/user-defined/function-hooks/adjust "BloodDamage::libudf" ""

/define/user-defined/user-defined-scalars 4 no no yes "mass flow rate" "default" yes "mass flow rate" "default" yes "mass flow rate" "default" yes "mass flow rate" "default"

/define/materials/change-create blood blood no no no no no no yes defined-per-uds 0 constant 0 1 constant 0 2 constant 0 3 constant 0 -1 no

;##########   Cell Zone Def Rotor Rotation & Source Terms ##########;
/define/boundary-conditions/fluid inflow no yes 0 0 0 0 0 0 1 no yes "GW_model::libudf" 1 no yes "GW_HO::libudf" 1 no yes "GW_model_ss::libudf" 1 no yes "GW_HO_ss::libudf" no no no 0 no 0 no 0 no 0 no 0 no 0 no 1 no no no no no
/define/boundary-conditions/fluid rotor no yes 0 0 0 0 0 0 1 no yes "GW_model::libudf" 1 no yes "GW_HO::libudf" 1 no yes "GW_model_ss::libudf" 1 no yes "GW_HO_ss::libudf" no yes -1 no "rotor_speed" no 0 no 0 no 0 no 0 no 0 no 0 no 0 no 0 no 1 "none" no no no no no
/define/boundary-conditions/fluid volute no yes 0 0 0 0 0 0 1 no yes "GW_model::libudf" 1 no yes "GW_HO::libudf" 1 no yes "GW_model_ss::libudf" 1 no yes "GW_HO_ss::libudf" no no no 0 no 0 no 0 no 0 no 0 no 0 no 0 no no no no no

/solve/set/equations flow no
/solve/set/equations kw no

/solve/set/equations uds-0 no
/solve/set/equations uds-1 no
/solve/set/equations uds-2 yes
/solve/set/equations uds-3 yes


;######### Convergence for uds2 & uds3
/solve/monitors/residual/convergence-criteria .00001 .00001

/file/auto-save/data-frequency 2000
/file/auto-save/case-frequency each-time


/solve/iterate/250


/file/write-case-data "hemolysis-c5-12800.cas.h5"

;################################################################################################################################################

/file/read-case-data/ C5_IDDES_19M_T-1-13200.cas.h5

/define/models/viscous/kw-sst yes
/define/models/steady yes ;STEADY STATE

/define/user-defined/user-defined-memory 5

;########## Compile new udf with extra uds CY_Hemolysis_MOD_UDF.c
/define/user-defined/compiled-functions compile libudf yes "CY_Hemolysis_MOD_UDF.c" "" "udf.h" ""
/define/user-defined/compiled-functions load libudf

/define/user-defined/function-hooks/adjust "BloodDamage::libudf" ""

/define/user-defined/user-defined-scalars 4 no no yes "mass flow rate" "default" yes "mass flow rate" "default" yes "mass flow rate" "default" yes "mass flow rate" "default"

/define/materials/change-create blood blood no no no no no no yes defined-per-uds 0 constant 0 1 constant 0 2 constant 0 3 constant 0 -1 no

;##########   Cell Zone Def Rotor Rotation & Source Terms ##########;
/define/boundary-conditions/fluid inflow no yes 0 0 0 0 0 0 1 no yes "GW_model::libudf" 1 no yes "GW_HO::libudf" 1 no yes "GW_model_ss::libudf" 1 no yes "GW_HO_ss::libudf" no no no 0 no 0 no 0 no 0 no 0 no 0 no 1 no no no no no
/define/boundary-conditions/fluid rotor no yes 0 0 0 0 0 0 1 no yes "GW_model::libudf" 1 no yes "GW_HO::libudf" 1 no yes "GW_model_ss::libudf" 1 no yes "GW_HO_ss::libudf" no yes -1 no "rotor_speed" no 0 no 0 no 0 no 0 no 0 no 0 no 0 no 0 no 1 "none" no no no no no
/define/boundary-conditions/fluid volute no yes 0 0 0 0 0 0 1 no yes "GW_model::libudf" 1 no yes "GW_HO::libudf" 1 no yes "GW_model_ss::libudf" 1 no yes "GW_HO_ss::libudf" no no no 0 no 0 no 0 no 0 no 0 no 0 no 0 no no no no no

/solve/set/equations flow no
/solve/set/equations kw no

/solve/set/equations uds-0 no
/solve/set/equations uds-1 no
/solve/set/equations uds-2 yes
/solve/set/equations uds-3 yes


;######### Convergence for uds2 & uds3
/solve/monitors/residual/convergence-criteria .00001 .00001

/file/auto-save/data-frequency 2000
/file/auto-save/case-frequency each-time


/solve/iterate/250

/file/write-case-data "hemolysis-c5-13200.cas.h5"

;################################################################################################################################################

/file/read-case-data/ C5_IDDES_19M_T-1-24000.cas.h5
/define/models/viscous/kw-sst yes
/define/models/steady yes ;STEADY STATE

/define/user-defined/user-defined-memory 5

;########## Compile new udf with extra uds CY_Hemolysis_MOD_UDF.c
/define/user-defined/compiled-functions compile libudf yes "CY_Hemolysis_MOD_UDF.c" "" "udf.h" ""
/define/user-defined/compiled-functions load libudf

/define/user-defined/function-hooks/adjust "BloodDamage::libudf" ""

/define/user-defined/user-defined-scalars 4 no no yes "mass flow rate" "default" yes "mass flow rate" "default" yes "mass flow rate" "default" yes "mass flow rate" "default"

/define/materials/change-create blood blood no no no no no no yes defined-per-uds 0 constant 0 1 constant 0 2 constant 0 3 constant 0 -1 no

;##########   Cell Zone Def Rotor Rotation & Source Terms ##########;
/define/boundary-conditions/fluid inflow no yes 0 0 0 0 0 0 1 no yes "GW_model::libudf" 1 no yes "GW_HO::libudf" 1 no yes "GW_model_ss::libudf" 1 no yes "GW_HO_ss::libudf" no no no 0 no 0 no 0 no 0 no 0 no 0 no 1 no no no no no
/define/boundary-conditions/fluid rotor no yes 0 0 0 0 0 0 1 no yes "GW_model::libudf" 1 no yes "GW_HO::libudf" 1 no yes "GW_model_ss::libudf" 1 no yes "GW_HO_ss::libudf" no yes -1 no "rotor_speed" no 0 no 0 no 0 no 0 no 0 no 0 no 0 no 0 no 1 "none" no no no no no
/define/boundary-conditions/fluid volute no yes 0 0 0 0 0 0 1 no yes "GW_model::libudf" 1 no yes "GW_HO::libudf" 1 no yes "GW_model_ss::libudf" 1 no yes "GW_HO_ss::libudf" no no no 0 no 0 no 0 no 0 no 0 no 0 no 0 no no no no no

/solve/set/equations flow no
/solve/set/equations kw no

/solve/set/equations uds-0 no
/solve/set/equations uds-1 no
/solve/set/equations uds-2 yes
/solve/set/equations uds-3 yes


;######### Convergence for uds2 & uds3
/solve/monitors/residual/convergence-criteria .00001 .00001

/file/auto-save/data-frequency 2000
/file/auto-save/case-frequency each-time


/solve/iterate/250

/file/write-case-data "hemolysis-c5-24000.cas.h5"









